// Jest Snapshot v1, https://goo.gl/fbAQLP

exports[`BaseButton renders a BaseButton 1`] = `
<div>
  <button
    class="wrapper"
  >
    BaseButton
  </button>
</div>
`;
